  Determining projects to restore...
  All projects are up-to-date for restore.
  SmartCampus.Entities -> C:\Users\desra\OneDrive\Desktop\web_mobil_final_beckend\SmartCampus.Entities\bin\Debug\net8.0\SmartCampus.Entities.dll
  SmartCampus.DataAccess -> C:\Users\desra\OneDrive\Desktop\web_mobil_final_beckend\SmartCampus.DataAccess\bin\Debug\net8.0\SmartCampus.DataAccess.dll
  SmartCampus.Business -> C:\Users\desra\OneDrive\Desktop\web_mobil_final_beckend\SmartCampus.Business\bin\Debug\net8.0\SmartCampus.Business.dll
  SmartCampus.API -> C:\Users\desra\OneDrive\Desktop\web_mobil_final_beckend\SmartCampus.API\bin\Debug\net8.0\SmartCampus.API.dll
C:\Users\desra\OneDrive\Desktop\web_mobil_final_beckend\SmartCampus.Tests\Controllers\CoursesControllerTests.cs(30,13): error CS1929: 'ISetup<ICourseService, Task<PaginatedResponse<CourseDto>>>' does not contain a definition for 'ReturnsAsync' and the best extension method overload 'SequenceExtensions.ReturnsAsync<<anonymous type: List<object> items, int total>>(ISetupSequentialResult<Task<<anonymous type: List<object> items, int total>>>, <anonymous type: List<object> items, int total>)' requires a receiver of type 'Moq.Language.ISetupSequentialResult<System.Threading.Tasks.Task<<anonymous type: System.Collections.Generic.List<object> items, int total>>>' [C:\Users\desra\OneDrive\Desktop\web_mobil_final_beckend\SmartCampus.Tests\SmartCampus.Tests.csproj]
C:\Users\desra\OneDrive\Desktop\web_mobil_final_beckend\SmartCampus.Tests\Controllers\ClassroomReservationsControllerTests.cs(186,13): error CS1929: 'ISetup<IClassroomReservationService, Task<List<AvailableClassroomDto>>>' does not contain a definition for 'ReturnsAsync' and the best extension method overload 'SequenceExtensions.ReturnsAsync<List<ClassroomDto>>(ISetupSequentialResult<Task<List<ClassroomDto>>>, List<ClassroomDto>)' requires a receiver of type 'Moq.Language.ISetupSequentialResult<System.Threading.Tasks.Task<System.Collections.Generic.List<SmartCampus.Business.DTOs.ClassroomDto>>>' [C:\Users\desra\OneDrive\Desktop\web_mobil_final_beckend\SmartCampus.Tests\SmartCampus.Tests.csproj]
C:\Users\desra\OneDrive\Desktop\web_mobil_final_beckend\SmartCampus.Tests\Controllers\CourseApplicationControllerTests.cs(50,13): error CS1929: 'ISetup<ICourseApplicationService, Task<CourseApplicationDto>>' does not contain a definition for 'ReturnsAsync' and the best extension method overload 'SequenceExtensions.ReturnsAsync<CourseApplication>(ISetupSequentialResult<Task<CourseApplication>>, CourseApplication)' requires a receiver of type 'Moq.Language.ISetupSequentialResult<System.Threading.Tasks.Task<SmartCampus.Entities.CourseApplication>>' [C:\Users\desra\OneDrive\Desktop\web_mobil_final_beckend\SmartCampus.Tests\SmartCampus.Tests.csproj]
C:\Users\desra\OneDrive\Desktop\web_mobil_final_beckend\SmartCampus.Tests\Controllers\CourseApplicationControllerTests.cs(64,13): error CS1929: 'ISetup<ICourseApplicationService, Task<ApplicationListResponseDto>>' does not contain a definition for 'ReturnsAsync' and the best extension method overload 'SequenceExtensions.ReturnsAsync<<anonymous type: List<CourseApplication> items, int total>>(ISetupSequentialResult<Task<<anonymous type: List<CourseApplication> items, int total>>>, <anonymous type: List<CourseApplication> items, int total>)' requires a receiver of type 'Moq.Language.ISetupSequentialResult<System.Threading.Tasks.Task<<anonymous type: System.Collections.Generic.List<SmartCampus.Entities.CourseApplication> items, int total>>>' [C:\Users\desra\OneDrive\Desktop\web_mobil_final_beckend\SmartCampus.Tests\SmartCampus.Tests.csproj]
C:\Users\desra\OneDrive\Desktop\web_mobil_final_beckend\SmartCampus.Tests\Controllers\CourseApplicationControllerTests.cs(78,13): error CS1929: 'ISetup<ICourseApplicationService, Task<ApplicationListResponseDto>>' does not contain a definition for 'ReturnsAsync' and the best extension method overload 'SequenceExtensions.ReturnsAsync<<anonymous type: List<CourseApplication> items, int total>>(ISetupSequentialResult<Task<<anonymous type: List<CourseApplication> items, int total>>>, <anonymous type: List<CourseApplication> items, int total>)' requires a receiver of type 'Moq.Language.ISetupSequentialResult<System.Threading.Tasks.Task<<anonymous type: System.Collections.Generic.List<SmartCampus.Entities.CourseApplication> items, int total>>>' [C:\Users\desra\OneDrive\Desktop\web_mobil_final_beckend\SmartCampus.Tests\SmartCampus.Tests.csproj]
C:\Users\desra\OneDrive\Desktop\web_mobil_final_beckend\SmartCampus.Tests\Controllers\CourseApplicationControllerTests.cs(91,13): error CS1929: 'ISetup<ICourseApplicationService, Task<CourseApplicationDto>>' does not contain a definition for 'ReturnsAsync' and the best extension method overload 'SequenceExtensions.ReturnsAsync<CourseApplication>(ISetupSequentialResult<Task<CourseApplication>>, CourseApplication)' requires a receiver of type 'Moq.Language.ISetupSequentialResult<System.Threading.Tasks.Task<SmartCampus.Entities.CourseApplication>>' [C:\Users\desra\OneDrive\Desktop\web_mobil_final_beckend\SmartCampus.Tests\SmartCampus.Tests.csproj]
C:\Users\desra\OneDrive\Desktop\web_mobil_final_beckend\SmartCampus.Tests\Controllers\CourseApplicationControllerTests.cs(104,13): error CS1929: 'ISetup<ICourseApplicationService, Task<CourseApplicationDto>>' does not contain a definition for 'ReturnsAsync' and the best extension method overload 'SequenceExtensions.ReturnsAsync<CourseApplication>(ISetupSequentialResult<Task<CourseApplication>>, CourseApplication)' requires a receiver of type 'Moq.Language.ISetupSequentialResult<System.Threading.Tasks.Task<SmartCampus.Entities.CourseApplication>>' [C:\Users\desra\OneDrive\Desktop\web_mobil_final_beckend\SmartCampus.Tests\SmartCampus.Tests.csproj]
C:\Users\desra\OneDrive\Desktop\web_mobil_final_beckend\SmartCampus.Tests\Controllers\CourseApplicationControllerTests.cs(115,13): error CS1929: 'ISetup<ICourseApplicationService, Task<CourseApplicationDto>>' does not contain a definition for 'ReturnsAsync' and the best extension method overload 'SequenceExtensions.ReturnsAsync<CourseApplication>(ISetupSequentialResult<Task<CourseApplication>>, CourseApplication)' requires a receiver of type 'Moq.Language.ISetupSequentialResult<System.Threading.Tasks.Task<SmartCampus.Entities.CourseApplication>>' [C:\Users\desra\OneDrive\Desktop\web_mobil_final_beckend\SmartCampus.Tests\SmartCampus.Tests.csproj]
C:\Users\desra\OneDrive\Desktop\web_mobil_final_beckend\SmartCampus.Tests\Controllers\CourseApplicationControllerTests.cs(127,13): error CS1929: 'ISetup<ICourseApplicationService, Task<CourseApplicationDto>>' does not contain a definition for 'ReturnsAsync' and the best extension method overload 'SequenceExtensions.ReturnsAsync<CourseApplication>(ISetupSequentialResult<Task<CourseApplication>>, CourseApplication)' requires a receiver of type 'Moq.Language.ISetupSequentialResult<System.Threading.Tasks.Task<SmartCampus.Entities.CourseApplication>>' [C:\Users\desra\OneDrive\Desktop\web_mobil_final_beckend\SmartCampus.Tests\SmartCampus.Tests.csproj]
C:\Users\desra\OneDrive\Desktop\web_mobil_final_beckend\SmartCampus.Tests\Controllers\CourseApplicationControllerTests.cs(141,13): error CS1929: 'ISetup<ICourseApplicationService, Task<CourseApplicationDto>>' does not contain a definition for 'ReturnsAsync' and the best extension method overload 'SequenceExtensions.ReturnsAsync<CourseApplication>(ISetupSequentialResult<Task<CourseApplication>>, CourseApplication)' requires a receiver of type 'Moq.Language.ISetupSequentialResult<System.Threading.Tasks.Task<SmartCampus.Entities.CourseApplication>>' [C:\Users\desra\OneDrive\Desktop\web_mobil_final_beckend\SmartCampus.Tests\SmartCampus.Tests.csproj]

Build FAILED.

C:\Users\desra\OneDrive\Desktop\web_mobil_final_beckend\SmartCampus.Tests\Controllers\CoursesControllerTests.cs(30,13): error CS1929: 'ISetup<ICourseService, Task<PaginatedResponse<CourseDto>>>' does not contain a definition for 'ReturnsAsync' and the best extension method overload 'SequenceExtensions.ReturnsAsync<<anonymous type: List<object> items, int total>>(ISetupSequentialResult<Task<<anonymous type: List<object> items, int total>>>, <anonymous type: List<object> items, int total>)' requires a receiver of type 'Moq.Language.ISetupSequentialResult<System.Threading.Tasks.Task<<anonymous type: System.Collections.Generic.List<object> items, int total>>>' [C:\Users\desra\OneDrive\Desktop\web_mobil_final_beckend\SmartCampus.Tests\SmartCampus.Tests.csproj]
C:\Users\desra\OneDrive\Desktop\web_mobil_final_beckend\SmartCampus.Tests\Controllers\ClassroomReservationsControllerTests.cs(186,13): error CS1929: 'ISetup<IClassroomReservationService, Task<List<AvailableClassroomDto>>>' does not contain a definition for 'ReturnsAsync' and the best extension method overload 'SequenceExtensions.ReturnsAsync<List<ClassroomDto>>(ISetupSequentialResult<Task<List<ClassroomDto>>>, List<ClassroomDto>)' requires a receiver of type 'Moq.Language.ISetupSequentialResult<System.Threading.Tasks.Task<System.Collections.Generic.List<SmartCampus.Business.DTOs.ClassroomDto>>>' [C:\Users\desra\OneDrive\Desktop\web_mobil_final_beckend\SmartCampus.Tests\SmartCampus.Tests.csproj]
C:\Users\desra\OneDrive\Desktop\web_mobil_final_beckend\SmartCampus.Tests\Controllers\CourseApplicationControllerTests.cs(50,13): error CS1929: 'ISetup<ICourseApplicationService, Task<CourseApplicationDto>>' does not contain a definition for 'ReturnsAsync' and the best extension method overload 'SequenceExtensions.ReturnsAsync<CourseApplication>(ISetupSequentialResult<Task<CourseApplication>>, CourseApplication)' requires a receiver of type 'Moq.Language.ISetupSequentialResult<System.Threading.Tasks.Task<SmartCampus.Entities.CourseApplication>>' [C:\Users\desra\OneDrive\Desktop\web_mobil_final_beckend\SmartCampus.Tests\SmartCampus.Tests.csproj]
C:\Users\desra\OneDrive\Desktop\web_mobil_final_beckend\SmartCampus.Tests\Controllers\CourseApplicationControllerTests.cs(64,13): error CS1929: 'ISetup<ICourseApplicationService, Task<ApplicationListResponseDto>>' does not contain a definition for 'ReturnsAsync' and the best extension method overload 'SequenceExtensions.ReturnsAsync<<anonymous type: List<CourseApplication> items, int total>>(ISetupSequentialResult<Task<<anonymous type: List<CourseApplication> items, int total>>>, <anonymous type: List<CourseApplication> items, int total>)' requires a receiver of type 'Moq.Language.ISetupSequentialResult<System.Threading.Tasks.Task<<anonymous type: System.Collections.Generic.List<SmartCampus.Entities.CourseApplication> items, int total>>>' [C:\Users\desra\OneDrive\Desktop\web_mobil_final_beckend\SmartCampus.Tests\SmartCampus.Tests.csproj]
C:\Users\desra\OneDrive\Desktop\web_mobil_final_beckend\SmartCampus.Tests\Controllers\CourseApplicationControllerTests.cs(78,13): error CS1929: 'ISetup<ICourseApplicationService, Task<ApplicationListResponseDto>>' does not contain a definition for 'ReturnsAsync' and the best extension method overload 'SequenceExtensions.ReturnsAsync<<anonymous type: List<CourseApplication> items, int total>>(ISetupSequentialResult<Task<<anonymous type: List<CourseApplication> items, int total>>>, <anonymous type: List<CourseApplication> items, int total>)' requires a receiver of type 'Moq.Language.ISetupSequentialResult<System.Threading.Tasks.Task<<anonymous type: System.Collections.Generic.List<SmartCampus.Entities.CourseApplication> items, int total>>>' [C:\Users\desra\OneDrive\Desktop\web_mobil_final_beckend\SmartCampus.Tests\SmartCampus.Tests.csproj]
C:\Users\desra\OneDrive\Desktop\web_mobil_final_beckend\SmartCampus.Tests\Controllers\CourseApplicationControllerTests.cs(91,13): error CS1929: 'ISetup<ICourseApplicationService, Task<CourseApplicationDto>>' does not contain a definition for 'ReturnsAsync' and the best extension method overload 'SequenceExtensions.ReturnsAsync<CourseApplication>(ISetupSequentialResult<Task<CourseApplication>>, CourseApplication)' requires a receiver of type 'Moq.Language.ISetupSequentialResult<System.Threading.Tasks.Task<SmartCampus.Entities.CourseApplication>>' [C:\Users\desra\OneDrive\Desktop\web_mobil_final_beckend\SmartCampus.Tests\SmartCampus.Tests.csproj]
C:\Users\desra\OneDrive\Desktop\web_mobil_final_beckend\SmartCampus.Tests\Controllers\CourseApplicationControllerTests.cs(104,13): error CS1929: 'ISetup<ICourseApplicationService, Task<CourseApplicationDto>>' does not contain a definition for 'ReturnsAsync' and the best extension method overload 'SequenceExtensions.ReturnsAsync<CourseApplication>(ISetupSequentialResult<Task<CourseApplication>>, CourseApplication)' requires a receiver of type 'Moq.Language.ISetupSequentialResult<System.Threading.Tasks.Task<SmartCampus.Entities.CourseApplication>>' [C:\Users\desra\OneDrive\Desktop\web_mobil_final_beckend\SmartCampus.Tests\SmartCampus.Tests.csproj]
C:\Users\desra\OneDrive\Desktop\web_mobil_final_beckend\SmartCampus.Tests\Controllers\CourseApplicationControllerTests.cs(115,13): error CS1929: 'ISetup<ICourseApplicationService, Task<CourseApplicationDto>>' does not contain a definition for 'ReturnsAsync' and the best extension method overload 'SequenceExtensions.ReturnsAsync<CourseApplication>(ISetupSequentialResult<Task<CourseApplication>>, CourseApplication)' requires a receiver of type 'Moq.Language.ISetupSequentialResult<System.Threading.Tasks.Task<SmartCampus.Entities.CourseApplication>>' [C:\Users\desra\OneDrive\Desktop\web_mobil_final_beckend\SmartCampus.Tests\SmartCampus.Tests.csproj]
C:\Users\desra\OneDrive\Desktop\web_mobil_final_beckend\SmartCampus.Tests\Controllers\CourseApplicationControllerTests.cs(127,13): error CS1929: 'ISetup<ICourseApplicationService, Task<CourseApplicationDto>>' does not contain a definition for 'ReturnsAsync' and the best extension method overload 'SequenceExtensions.ReturnsAsync<CourseApplication>(ISetupSequentialResult<Task<CourseApplication>>, CourseApplication)' requires a receiver of type 'Moq.Language.ISetupSequentialResult<System.Threading.Tasks.Task<SmartCampus.Entities.CourseApplication>>' [C:\Users\desra\OneDrive\Desktop\web_mobil_final_beckend\SmartCampus.Tests\SmartCampus.Tests.csproj]
C:\Users\desra\OneDrive\Desktop\web_mobil_final_beckend\SmartCampus.Tests\Controllers\CourseApplicationControllerTests.cs(141,13): error CS1929: 'ISetup<ICourseApplicationService, Task<CourseApplicationDto>>' does not contain a definition for 'ReturnsAsync' and the best extension method overload 'SequenceExtensions.ReturnsAsync<CourseApplication>(ISetupSequentialResult<Task<CourseApplication>>, CourseApplication)' requires a receiver of type 'Moq.Language.ISetupSequentialResult<System.Threading.Tasks.Task<SmartCampus.Entities.CourseApplication>>' [C:\Users\desra\OneDrive\Desktop\web_mobil_final_beckend\SmartCampus.Tests\SmartCampus.Tests.csproj]
    0 Warning(s)
    10 Error(s)

Time Elapsed 00:00:02.12
