  Determining projects to restore...
  All projects are up-to-date for restore.
  SmartCampus.Entities -> C:\Users\desra\OneDrive\Desktop\web_mobil_final_beckend\SmartCampus.Entities\bin\Debug\net9.0\SmartCampus.Entities.dll
  SmartCampus.DataAccess -> C:\Users\desra\OneDrive\Desktop\web_mobil_final_beckend\SmartCampus.DataAccess\bin\Debug\net9.0\SmartCampus.DataAccess.dll
  SmartCampus.Business -> C:\Users\desra\OneDrive\Desktop\web_mobil_final_beckend\SmartCampus.Business\bin\Debug\net9.0\SmartCampus.Business.dll
  SmartCampus.API -> C:\Users\desra\OneDrive\Desktop\web_mobil_final_beckend\SmartCampus.API\bin\Debug\net9.0\SmartCampus.API.dll
  SmartCampus.Tests -> C:\Users\desra\OneDrive\Desktop\web_mobil_final_beckend\SmartCampus.Tests\bin\Debug\net9.0\SmartCampus.Tests.dll
Test run for C:\Users\desra\OneDrive\Desktop\web_mobil_final_beckend\SmartCampus.Tests\bin\Debug\net9.0\SmartCampus.Tests.dll (.NETCoreApp,Version=v9.0)
VSTest version 17.12.0 (x64)

Starting test execution, please wait...
A total of 1 test files matched the specified pattern.

Passed!  - Failed:     0, Passed:     6, Skipped:     0, Total:     6, Duration: 168 ms - SmartCampus.Tests.dll (net9.0)
